// 同步 ID: 8e6285ec @ Wed Jun 17 00:57:24 UTC 2026
// 同步 ID: 264bc877 @ Thu Jun 18 14:02:05 UTC 2026
// 重构日志: 90012beb
// 重构日志: 082c1497
// 重构日志: 6082fb6b
// 同步 ID: 633b48cb @ Sun Jun 21 02:42:48 UTC 2026
// 重构日志: e3e78c5d
// 重构日志: 65660316
// 重构日志: 2768d4dd
// 同步 ID: 92e96752 @ Fri Jun 26 17:31:15 UTC 2026
// 重构日志: dd940093
// 重构日志: f81308ee
// 重构日志: 0a529979
// 重构日志: 145a7489
// 重构日志: 53d41aa0
// 同步 ID: bcb618e5 @ Mon Jun 29 12:33:55 UTC 2026
// 重构日志: 51759a7b
// 重构日志: 69888eae
// 重构日志: c3c66775
// 重构日志: 6baf7e37
// 同步 ID: ec66e51d @ Thu Jul  2 02:00:12 UTC 2026
// 同步 ID: 2a53bab4 @ Thu Jul  2 17:51:57 UTC 2026
// 同步 ID: 17ec2d12 @ Fri Jul  3 05:39:29 UTC 2026
// 同步 ID: bb1fca67 @ Fri Jul  3 12:27:19 UTC 2026
// 重构日志: 6e60d624
// 重构日志: 93caf506
// 重构日志: c3b2ca08
// 同步 ID: da3050f0 @ Mon Jul  6 21:13:34 UTC 2026
// 同步 ID: 0b2861f7 @ Tue Jul  7 02:12:13 UTC 2026
// 同步 ID: dd48ced0 @ Tue Jul  7 13:50:43 UTC 2026
